<html>
<body>
<pre>
<h1>µVision Build Log</h1>
<h2>Project:</h2>
E:\courses 3\##Automotive Course-Hossam Adel-\Tiva C drivers_SDK\hager driver\test driver\examble\test.uvproj
Project File Date:  09/18/2017

<h2>Output:</h2>
Rebuild target 'Target 1'
assembling startup_TM4C123.s...
compiling gpio_app_test.c...
compiling app_gpio.c...
compiling app_uart.c...
compiling gpio.c...
compiling sysctrl.c...
compiling uart.c...
compiling NVICInterruptHandler.c...
linking...
Program Size: Code=6492 RO-data=652 RW-data=860 ZI-data=636  
".\test.axf" - 0 Error(s), 0 Warning(s).
</pre>
</body>
</html>
