Archive member included because of file (symbol)

c:/ti/ccsv6/tools/compiler/gcc-arm-none-eabi-4_9-2015q3/bin/../lib/gcc/arm-none-eabi/4.9.3/../../../../arm-none-eabi/lib/armv7e-m/fpu\libg.a(lib_a-exit.o)
                              c:/ti/ccsv6/tools/compiler/gcc-arm-none-eabi-4_9-2015q3/bin/../lib/gcc/arm-none-eabi/4.9.3/../../../../arm-none-eabi/lib/armv7e-m/fpu/crt0.o (exit)
c:/ti/ccsv6/tools/compiler/gcc-arm-none-eabi-4_9-2015q3/bin/../lib/gcc/arm-none-eabi/4.9.3/../../../../arm-none-eabi/lib/armv7e-m/fpu\libg.a(lib_a-impure.o)
                              c:/ti/ccsv6/tools/compiler/gcc-arm-none-eabi-4_9-2015q3/bin/../lib/gcc/arm-none-eabi/4.9.3/../../../../arm-none-eabi/lib/armv7e-m/fpu\libg.a(lib_a-exit.o) (_global_impure_ptr)
c:/ti/ccsv6/tools/compiler/gcc-arm-none-eabi-4_9-2015q3/bin/../lib/gcc/arm-none-eabi/4.9.3/../../../../arm-none-eabi/lib/armv7e-m/fpu\libg.a(lib_a-init.o)
                              c:/ti/ccsv6/tools/compiler/gcc-arm-none-eabi-4_9-2015q3/bin/../lib/gcc/arm-none-eabi/4.9.3/../../../../arm-none-eabi/lib/armv7e-m/fpu/crt0.o (__libc_init_array)
c:/ti/ccsv6/tools/compiler/gcc-arm-none-eabi-4_9-2015q3/bin/../lib/gcc/arm-none-eabi/4.9.3/../../../../arm-none-eabi/lib/armv7e-m/fpu\libg.a(lib_a-memset.o)
                              c:/ti/ccsv6/tools/compiler/gcc-arm-none-eabi-4_9-2015q3/bin/../lib/gcc/arm-none-eabi/4.9.3/../../../../arm-none-eabi/lib/armv7e-m/fpu/crt0.o (memset)
c:/ti/ccsv6/tools/compiler/gcc-arm-none-eabi-4_9-2015q3/bin/../lib/gcc/arm-none-eabi/4.9.3/../../../../arm-none-eabi/lib/armv7e-m/fpu\libg.a(lib_a-__call_atexit.o)
                              c:/ti/ccsv6/tools/compiler/gcc-arm-none-eabi-4_9-2015q3/bin/../lib/gcc/arm-none-eabi/4.9.3/../../../../arm-none-eabi/lib/armv7e-m/fpu\libg.a(lib_a-exit.o) (__call_exitprocs)
c:/ti/ccsv6/tools/compiler/gcc-arm-none-eabi-4_9-2015q3/bin/../lib/gcc/arm-none-eabi/4.9.3/../../../../arm-none-eabi/lib/armv7e-m/fpu\libg.a(lib_a-atexit.o)
                              c:/ti/ccsv6/tools/compiler/gcc-arm-none-eabi-4_9-2015q3/bin/../lib/gcc/arm-none-eabi/4.9.3/../../../../arm-none-eabi/lib/armv7e-m/fpu\libg.a(lib_a-__call_atexit.o) (atexit)
c:/ti/ccsv6/tools/compiler/gcc-arm-none-eabi-4_9-2015q3/bin/../lib/gcc/arm-none-eabi/4.9.3/../../../../arm-none-eabi/lib/armv7e-m/fpu\libg.a(lib_a-fini.o)
                              c:/ti/ccsv6/tools/compiler/gcc-arm-none-eabi-4_9-2015q3/bin/../lib/gcc/arm-none-eabi/4.9.3/../../../../arm-none-eabi/lib/armv7e-m/fpu\libg.a(lib_a-__call_atexit.o) (__libc_fini_array)
c:/ti/ccsv6/tools/compiler/gcc-arm-none-eabi-4_9-2015q3/bin/../lib/gcc/arm-none-eabi/4.9.3/../../../../arm-none-eabi/lib/armv7e-m/fpu\libg.a(lib_a-__atexit.o)
                              c:/ti/ccsv6/tools/compiler/gcc-arm-none-eabi-4_9-2015q3/bin/../lib/gcc/arm-none-eabi/4.9.3/../../../../arm-none-eabi/lib/armv7e-m/fpu\libg.a(lib_a-atexit.o) (__register_exitproc)
c:/ti/ccsv6/tools/compiler/gcc-arm-none-eabi-4_9-2015q3/bin/../lib/gcc/arm-none-eabi/4.9.3/../../../../arm-none-eabi/lib/armv7e-m/fpu\libnosys.a(_exit.o)
                              c:/ti/ccsv6/tools/compiler/gcc-arm-none-eabi-4_9-2015q3/bin/../lib/gcc/arm-none-eabi/4.9.3/../../../../arm-none-eabi/lib/armv7e-m/fpu\libg.a(lib_a-exit.o) (_exit)

Allocating common symbols
Common symbol       size              file

port                0xc               ./gpio_app_test.o

Memory Configuration

Name             Origin             Length             Attributes
FLASH            0x00000000         0x00040000         xr
SRAM             0x20000000         0x00008000         xw
*default*        0x00000000         0xffffffff

Linker script and memory map

LOAD c:/ti/ccsv6/tools/compiler/gcc-arm-none-eabi-4_9-2015q3/bin/../lib/gcc/arm-none-eabi/4.9.3/armv7e-m/fpu/crti.o
LOAD c:/ti/ccsv6/tools/compiler/gcc-arm-none-eabi-4_9-2015q3/bin/../lib/gcc/arm-none-eabi/4.9.3/armv7e-m/fpu/crtbegin.o
LOAD c:/ti/ccsv6/tools/compiler/gcc-arm-none-eabi-4_9-2015q3/bin/../lib/gcc/arm-none-eabi/4.9.3/../../../../arm-none-eabi/lib/armv7e-m/fpu/crt0.o
LOAD ./NVICInterruptHandler.o
LOAD ./app_gpio.o
LOAD ./gpio.o
LOAD ./gpio_app_test.o
LOAD ./sysctrl.o
LOAD ./tm4c123gh6pm_startup_ccs_gcc.o
LOAD ./uart.o
                0x00000000                PROVIDE (_intvecs_base_address, 0x0)

.intvecs        0x00000000      0x26c
 *(.intvecs)
 .intvecs       0x00000000      0x26c ./tm4c123gh6pm_startup_ccs_gcc.o
                0x00000000                g_pfnVectors
                0x20000000                PROVIDE (_vtable_base_address, 0x20000000)

.vtable
 *(.vtable)

.text           0x0000026c     0x2088
 CREATE_OBJECT_SYMBOLS
 *(.text)
 .text          0x0000026c        0x0 c:/ti/ccsv6/tools/compiler/gcc-arm-none-eabi-4_9-2015q3/bin/../lib/gcc/arm-none-eabi/4.9.3/armv7e-m/fpu/crti.o
 .text          0x0000026c       0x5c c:/ti/ccsv6/tools/compiler/gcc-arm-none-eabi-4_9-2015q3/bin/../lib/gcc/arm-none-eabi/4.9.3/armv7e-m/fpu/crtbegin.o
 .text          0x000002c8       0x74 c:/ti/ccsv6/tools/compiler/gcc-arm-none-eabi-4_9-2015q3/bin/../lib/gcc/arm-none-eabi/4.9.3/../../../../arm-none-eabi/lib/armv7e-m/fpu/crt0.o
                0x000002c8                _start
                0x000002c8                _mainCRTStartup
 .text          0x0000033c        0x0 ./NVICInterruptHandler.o
 .text          0x0000033c        0x0 ./app_gpio.o
 .text          0x0000033c        0x0 ./gpio.o
 .text          0x0000033c        0x0 ./gpio_app_test.o
 .text          0x0000033c        0x0 ./sysctrl.o
 .text          0x0000033c        0x0 ./tm4c123gh6pm_startup_ccs_gcc.o
 .text          0x0000033c        0x0 ./uart.o
 .text          0x0000033c        0x0 c:/ti/ccsv6/tools/compiler/gcc-arm-none-eabi-4_9-2015q3/bin/../lib/gcc/arm-none-eabi/4.9.3/../../../../arm-none-eabi/lib/armv7e-m/fpu\libg.a(lib_a-exit.o)
 .text          0x0000033c        0x0 c:/ti/ccsv6/tools/compiler/gcc-arm-none-eabi-4_9-2015q3/bin/../lib/gcc/arm-none-eabi/4.9.3/../../../../arm-none-eabi/lib/armv7e-m/fpu\libg.a(lib_a-impure.o)
 .text          0x0000033c        0x0 c:/ti/ccsv6/tools/compiler/gcc-arm-none-eabi-4_9-2015q3/bin/../lib/gcc/arm-none-eabi/4.9.3/../../../../arm-none-eabi/lib/armv7e-m/fpu\libg.a(lib_a-init.o)
 .text          0x0000033c        0x0 c:/ti/ccsv6/tools/compiler/gcc-arm-none-eabi-4_9-2015q3/bin/../lib/gcc/arm-none-eabi/4.9.3/../../../../arm-none-eabi/lib/armv7e-m/fpu\libg.a(lib_a-memset.o)
 .text          0x0000033c        0x0 c:/ti/ccsv6/tools/compiler/gcc-arm-none-eabi-4_9-2015q3/bin/../lib/gcc/arm-none-eabi/4.9.3/../../../../arm-none-eabi/lib/armv7e-m/fpu\libg.a(lib_a-__call_atexit.o)
 .text          0x0000033c        0x0 c:/ti/ccsv6/tools/compiler/gcc-arm-none-eabi-4_9-2015q3/bin/../lib/gcc/arm-none-eabi/4.9.3/../../../../arm-none-eabi/lib/armv7e-m/fpu\libg.a(lib_a-atexit.o)
 .text          0x0000033c        0x0 c:/ti/ccsv6/tools/compiler/gcc-arm-none-eabi-4_9-2015q3/bin/../lib/gcc/arm-none-eabi/4.9.3/../../../../arm-none-eabi/lib/armv7e-m/fpu\libg.a(lib_a-fini.o)
 .text          0x0000033c        0x0 c:/ti/ccsv6/tools/compiler/gcc-arm-none-eabi-4_9-2015q3/bin/../lib/gcc/arm-none-eabi/4.9.3/../../../../arm-none-eabi/lib/armv7e-m/fpu\libg.a(lib_a-__atexit.o)
 .text          0x0000033c        0x0 c:/ti/ccsv6/tools/compiler/gcc-arm-none-eabi-4_9-2015q3/bin/../lib/gcc/arm-none-eabi/4.9.3/../../../../arm-none-eabi/lib/armv7e-m/fpu\libnosys.a(_exit.o)
 .text          0x0000033c        0x0 c:/ti/ccsv6/tools/compiler/gcc-arm-none-eabi-4_9-2015q3/bin/../lib/gcc/arm-none-eabi/4.9.3/armv7e-m/fpu/crtend.o
 .text          0x0000033c        0x0 c:/ti/ccsv6/tools/compiler/gcc-arm-none-eabi-4_9-2015q3/bin/../lib/gcc/arm-none-eabi/4.9.3/armv7e-m/fpu/crtn.o
 *(.text.*)
 .text.installNIVCISRFunction
                0x0000033c       0x38 ./NVICInterruptHandler.o
                0x0000033c                installNIVCISRFunction
 .text.deInstallNIVCISRFunction
                0x00000374       0x2c ./NVICInterruptHandler.o
                0x00000374                deInstallNIVCISRFunction
 .text.IntVirDefaultFun
                0x000003a0        0xc ./NVICInterruptHandler.o
                0x000003a0                IntVirDefaultFun
 .text.PortAISRHandler
                0x000003ac       0x10 ./NVICInterruptHandler.o
                0x000003ac                PortAISRHandler
 .text.PortBISRHandler
                0x000003bc       0x10 ./NVICInterruptHandler.o
                0x000003bc                PortBISRHandler
 .text.PortCISRHandler
                0x000003cc       0x10 ./NVICInterruptHandler.o
                0x000003cc                PortCISRHandler
 .text.PortDISRHandler
                0x000003dc       0x10 ./NVICInterruptHandler.o
                0x000003dc                PortDISRHandler
 .text.PortEISRHandler
                0x000003ec       0x10 ./NVICInterruptHandler.o
                0x000003ec                PortEISRHandler
 .text.PortFISRHandler
                0x000003fc       0x10 ./NVICInterruptHandler.o
                0x000003fc                PortFISRHandler
 .text.initPin  0x0000040c      0x158 ./app_gpio.o
                0x0000040c                initPin
 .text.initPort
                0x00000564      0x124 ./app_gpio.o
                0x00000564                initPort
 .text.digitalPinWrite
                0x00000688       0x34 ./app_gpio.o
                0x00000688                digitalPinWrite
 .text.digitalPortWrite
                0x000006bc       0x2c ./app_gpio.o
                0x000006bc                digitalPortWrite
 .text.digitalPinRead
                0x000006e8       0x30 ./app_gpio.o
                0x000006e8                digitalPinRead
 .text.digitalPortRead
                0x00000718       0x28 ./app_gpio.o
                0x00000718                digitalPortRead
 .text.digitalReadHWMaskedPins
                0x00000740       0x34 ./app_gpio.o
                0x00000740                digitalReadHWMaskedPins
 .text.digitalWriteHWMaskedPins
                0x00000774       0x34 ./app_gpio.o
                0x00000774                digitalWriteHWMaskedPins
 .text.HW_WRITE_BIT
                0x000007a8       0x50 ./gpio.o
 .text.HW_READ_BIT
                0x000007f8       0x30 ./gpio.o
 .text.setPinDir
                0x00000828       0xb8 ./gpio.o
                0x00000828                setPinDir
 .text.writePin
                0x000008e0       0xb8 ./gpio.o
                0x000008e0                writePin
 .text.readPin  0x00000998       0x90 ./gpio.o
                0x00000998                readPin
 .text.setPortDir
                0x00000a28       0x78 ./gpio.o
                0x00000a28                setPortDir
 .text.writePort
                0x00000aa0       0x78 ./gpio.o
                0x00000aa0                writePort
 .text.readPort
                0x00000b18       0x78 ./gpio.o
                0x00000b18                readPort
 .text.writeHWMaskedPins
                0x00000b90       0x84 ./gpio.o
                0x00000b90                writeHWMaskedPins
 .text.readHWMaskedPins
                0x00000c14       0x90 ./gpio.o
                0x00000c14                readHWMaskedPins
 .text.pinAlternateFunctionSel
                0x00000ca4       0xa0 ./gpio.o
                0x00000ca4                pinAlternateFunctionSel
 .text.portAlternateFunctionSel
                0x00000d44       0x78 ./gpio.o
                0x00000d44                portAlternateFunctionSel
 .text.pinSetPadConfig
                0x00000dbc      0x130 ./gpio.o
                0x00000dbc                pinSetPadConfig
 .text.portSetPadConfig
                0x00000eec      0x148 ./gpio.o
                0x00000eec                portSetPadConfig
 .text.portUnLock
                0x00001034       0xa0 ./gpio.o
                0x00001034                portUnLock
 .text.portCommit
                0x000010d4       0x78 ./gpio.o
                0x000010d4                portCommit
 .text.pinCommit
                0x0000114c       0xa0 ./gpio.o
                0x0000114c                pinCommit
 .text.portDigitalEnable
                0x000011ec       0x78 ./gpio.o
                0x000011ec                portDigitalEnable
 .text.pinDigitalEnable
                0x00001264       0xa0 ./gpio.o
                0x00001264                pinDigitalEnable
 .text.pinAnalogModeSelect
                0x00001304       0xa0 ./gpio.o
                0x00001304                pinAnalogModeSelect
 .text.portAnalogModeSelect
                0x000013a4       0x84 ./gpio.o
                0x000013a4                portAnalogModeSelect
 .text.portAdcTrigger
                0x00001428       0x78 ./gpio.o
                0x00001428                portAdcTrigger
 .text.pinAdcTrigger
                0x000014a0       0xa0 ./gpio.o
                0x000014a0                pinAdcTrigger
 .text.GPIOPortDMATrigger
                0x00001540       0x78 ./gpio.o
                0x00001540                GPIOPortDMATrigger
 .text.GPIOPinDMATrigger
                0x000015b8       0xa0 ./gpio.o
                0x000015b8                GPIOPinDMATrigger
 .text.GPIOPinControl
                0x00001658       0xb4 ./gpio.o
                0x00001658                GPIOPinControl
 .text.GPIOPortControlClear
                0x0000170c       0x74 ./gpio.o
                0x0000170c                GPIOPortControlClear
 .text.pinSlewRateControl
                0x00001780       0xa0 ./gpio.o
                0x00001780                pinSlewRateControl
 .text.portSlewRateControl
                0x00001820       0x78 ./gpio.o
                0x00001820                portSlewRateControl
 .text.gpioPinInterruptConfig
                0x00001898      0x120 ./gpio.o
                0x00001898                gpioPinInterruptConfig
 .text.gpioPinInterruptUnMask
                0x000019b8       0x50 ./gpio.o
                0x000019b8                gpioPinInterruptUnMask
 .text.gpioPinInterruptClear
                0x00001a08       0x38 ./gpio.o
                0x00001a08                gpioPinInterruptClear
 .text.interr   0x00001a40       0x14 ./gpio_app_test.o
                0x00001a40                interr
 .text.main     0x00001a54       0x78 ./gpio_app_test.o
                0x00001a54                main
 .text.HW_WRITE_BIT
                0x00001acc       0x50 ./sysctrl.o
 .text.clockGating
                0x00001b1c       0xcc ./sysctrl.o
                0x00001b1c                clockGating
 .text.NVICInterruptEnable
                0x00001be8      0x170 ./sysctrl.o
                0x00001be8                NVICInterruptEnable
 .text.ResetISR
                0x00001d58       0x68 ./tm4c123gh6pm_startup_ccs_gcc.o
                0x00001d58                ResetISR
 .text.NmiSR    0x00001dc0        0x8 ./tm4c123gh6pm_startup_ccs_gcc.o
 .text.FaultISR
                0x00001dc8        0x8 ./tm4c123gh6pm_startup_ccs_gcc.o
 .text.IntDefaultHandler
                0x00001dd0        0x8 ./tm4c123gh6pm_startup_ccs_gcc.o
 .text.HW_READ_BIT
                0x00001dd8       0x30 ./uart.o
 .text.UART_IN  0x00001e08       0xa4 ./uart.o
                0x00001e08                UART_IN
 .text.UART_InNonblocking
                0x00001eac       0xa8 ./uart.o
                0x00001eac                UART_InNonblocking
 .text.UART_Out
                0x00001f54       0xa8 ./uart.o
                0x00001f54                UART_Out
 .text.exit     0x00001ffc       0x20 c:/ti/ccsv6/tools/compiler/gcc-arm-none-eabi-4_9-2015q3/bin/../lib/gcc/arm-none-eabi/4.9.3/../../../../arm-none-eabi/lib/armv7e-m/fpu\libg.a(lib_a-exit.o)
                0x00001ffc                exit
 .text.__libc_init_array
                0x0000201c       0x50 c:/ti/ccsv6/tools/compiler/gcc-arm-none-eabi-4_9-2015q3/bin/../lib/gcc/arm-none-eabi/4.9.3/../../../../arm-none-eabi/lib/armv7e-m/fpu\libg.a(lib_a-init.o)
                0x0000201c                __libc_init_array
 .text.memset   0x0000206c       0x9c c:/ti/ccsv6/tools/compiler/gcc-arm-none-eabi-4_9-2015q3/bin/../lib/gcc/arm-none-eabi/4.9.3/../../../../arm-none-eabi/lib/armv7e-m/fpu\libg.a(lib_a-memset.o)
                0x0000206c                memset
 .text.startup.register_fini
                0x00002108       0x14 c:/ti/ccsv6/tools/compiler/gcc-arm-none-eabi-4_9-2015q3/bin/../lib/gcc/arm-none-eabi/4.9.3/../../../../arm-none-eabi/lib/armv7e-m/fpu\libg.a(lib_a-__call_atexit.o)
 .text.__call_exitprocs
                0x0000211c       0xd4 c:/ti/ccsv6/tools/compiler/gcc-arm-none-eabi-4_9-2015q3/bin/../lib/gcc/arm-none-eabi/4.9.3/../../../../arm-none-eabi/lib/armv7e-m/fpu\libg.a(lib_a-__call_atexit.o)
                0x0000211c                __call_exitprocs
 .text.atexit   0x000021f0        0xc c:/ti/ccsv6/tools/compiler/gcc-arm-none-eabi-4_9-2015q3/bin/../lib/gcc/arm-none-eabi/4.9.3/../../../../arm-none-eabi/lib/armv7e-m/fpu\libg.a(lib_a-atexit.o)
                0x000021f0                atexit
 .text.__libc_fini_array
                0x000021fc       0x2c c:/ti/ccsv6/tools/compiler/gcc-arm-none-eabi-4_9-2015q3/bin/../lib/gcc/arm-none-eabi/4.9.3/../../../../arm-none-eabi/lib/armv7e-m/fpu\libg.a(lib_a-fini.o)
                0x000021fc                __libc_fini_array
 .text.__register_exitproc
                0x00002228       0xa4 c:/ti/ccsv6/tools/compiler/gcc-arm-none-eabi-4_9-2015q3/bin/../lib/gcc/arm-none-eabi/4.9.3/../../../../arm-none-eabi/lib/armv7e-m/fpu\libg.a(lib_a-__atexit.o)
                0x00002228                __register_exitproc
 .text._exit    0x000022cc        0x4 c:/ti/ccsv6/tools/compiler/gcc-arm-none-eabi-4_9-2015q3/bin/../lib/gcc/arm-none-eabi/4.9.3/../../../../arm-none-eabi/lib/armv7e-m/fpu\libnosys.a(_exit.o)
                0x000022cc                _exit
                0x000022d0                . = ALIGN (0x4)
 *(.ctors)
                0x000022d0                . = ALIGN (0x4)
 *(.dtors)
                0x000022d0                . = ALIGN (0x4)
                0x000022d0                __init_array_start = .
 *(.init_array*)
 .init_array    0x000022d0        0x4 c:/ti/ccsv6/tools/compiler/gcc-arm-none-eabi-4_9-2015q3/bin/../lib/gcc/arm-none-eabi/4.9.3/armv7e-m/fpu/crtbegin.o
 .init_array.00000
                0x000022d4        0x4 c:/ti/ccsv6/tools/compiler/gcc-arm-none-eabi-4_9-2015q3/bin/../lib/gcc/arm-none-eabi/4.9.3/../../../../arm-none-eabi/lib/armv7e-m/fpu\libg.a(lib_a-__call_atexit.o)
                0x000022d8                __init_array_end = .
 *(.init)
 .init          0x000022d8        0x4 c:/ti/ccsv6/tools/compiler/gcc-arm-none-eabi-4_9-2015q3/bin/../lib/gcc/arm-none-eabi/4.9.3/armv7e-m/fpu/crti.o
                0x000022d8                _init
 .init          0x000022dc        0x8 c:/ti/ccsv6/tools/compiler/gcc-arm-none-eabi-4_9-2015q3/bin/../lib/gcc/arm-none-eabi/4.9.3/armv7e-m/fpu/crtn.o
 *(.fini*)
 .fini          0x000022e4        0x4 c:/ti/ccsv6/tools/compiler/gcc-arm-none-eabi-4_9-2015q3/bin/../lib/gcc/arm-none-eabi/4.9.3/armv7e-m/fpu/crti.o
                0x000022e4                _fini
 .fini_array    0x000022e8        0x4 c:/ti/ccsv6/tools/compiler/gcc-arm-none-eabi-4_9-2015q3/bin/../lib/gcc/arm-none-eabi/4.9.3/armv7e-m/fpu/crtbegin.o
 .fini          0x000022ec        0x8 c:/ti/ccsv6/tools/compiler/gcc-arm-none-eabi-4_9-2015q3/bin/../lib/gcc/arm-none-eabi/4.9.3/armv7e-m/fpu/crtn.o
                0x000022f4                PROVIDE (__etext, .)
                0x000022f4                PROVIDE (_etext, .)
                0x000022f4                PROVIDE (etext, .)

.glue_7         0x000022f4        0x0
 .glue_7        0x00000000        0x0 linker stubs

.glue_7t        0x000022f4        0x0
 .glue_7t       0x00000000        0x0 linker stubs

.vfp11_veneer   0x000022f4        0x0
 .vfp11_veneer  0x00000000        0x0 linker stubs

.v4_bx          0x000022f4        0x0
 .v4_bx         0x00000000        0x0 linker stubs

.iplt           0x000022f4        0x0
 .iplt          0x00000000        0x0 c:/ti/ccsv6/tools/compiler/gcc-arm-none-eabi-4_9-2015q3/bin/../lib/gcc/arm-none-eabi/4.9.3/armv7e-m/fpu/crtbegin.o

.rodata         0x000022f4        0x8
 *(.rodata)
 *(.rodata*)
 .rodata.str1.4
                0x000022f4        0x4 c:/ti/ccsv6/tools/compiler/gcc-arm-none-eabi-4_9-2015q3/bin/../lib/gcc/arm-none-eabi/4.9.3/../../../../arm-none-eabi/lib/armv7e-m/fpu\libg.a(lib_a-impure.o)
                                  0x2 (size before relaxing)
 .rodata._global_impure_ptr
                0x000022f8        0x4 c:/ti/ccsv6/tools/compiler/gcc-arm-none-eabi-4_9-2015q3/bin/../lib/gcc/arm-none-eabi/4.9.3/../../../../arm-none-eabi/lib/armv7e-m/fpu\libg.a(lib_a-impure.o)
                0x000022f8                _global_impure_ptr

.eh_frame       0x000022fc        0x4
 .eh_frame      0x000022fc        0x0 c:/ti/ccsv6/tools/compiler/gcc-arm-none-eabi-4_9-2015q3/bin/../lib/gcc/arm-none-eabi/4.9.3/armv7e-m/fpu/crtbegin.o
 .eh_frame      0x000022fc        0x4 c:/ti/ccsv6/tools/compiler/gcc-arm-none-eabi-4_9-2015q3/bin/../lib/gcc/arm-none-eabi/4.9.3/armv7e-m/fpu/crtend.o

.data           0x20000000      0x78c load address 0x00002300
                0x00002300                __data_load__ = LOADADDR (.data)
                0x20000000                __data_start__ = .
 *(.data)
 .data          0x20000000        0x0 c:/ti/ccsv6/tools/compiler/gcc-arm-none-eabi-4_9-2015q3/bin/../lib/gcc/arm-none-eabi/4.9.3/armv7e-m/fpu/crti.o
 .data          0x20000000        0x4 c:/ti/ccsv6/tools/compiler/gcc-arm-none-eabi-4_9-2015q3/bin/../lib/gcc/arm-none-eabi/4.9.3/armv7e-m/fpu/crtbegin.o
                0x20000000                __dso_handle
 .data          0x20000004        0x0 c:/ti/ccsv6/tools/compiler/gcc-arm-none-eabi-4_9-2015q3/bin/../lib/gcc/arm-none-eabi/4.9.3/../../../../arm-none-eabi/lib/armv7e-m/fpu/crt0.o
 .data          0x20000004        0x0 ./NVICInterruptHandler.o
 .data          0x20000004        0x0 ./app_gpio.o
 .data          0x20000004        0x0 ./gpio.o
 .data          0x20000004        0x0 ./gpio_app_test.o
 .data          0x20000004        0x0 ./sysctrl.o
 .data          0x20000004        0x0 ./tm4c123gh6pm_startup_ccs_gcc.o
 .data          0x20000004        0x0 ./uart.o
 .data          0x20000004        0x0 c:/ti/ccsv6/tools/compiler/gcc-arm-none-eabi-4_9-2015q3/bin/../lib/gcc/arm-none-eabi/4.9.3/../../../../arm-none-eabi/lib/armv7e-m/fpu\libg.a(lib_a-exit.o)
 .data          0x20000004        0x0 c:/ti/ccsv6/tools/compiler/gcc-arm-none-eabi-4_9-2015q3/bin/../lib/gcc/arm-none-eabi/4.9.3/../../../../arm-none-eabi/lib/armv7e-m/fpu\libg.a(lib_a-impure.o)
 .data          0x20000004        0x0 c:/ti/ccsv6/tools/compiler/gcc-arm-none-eabi-4_9-2015q3/bin/../lib/gcc/arm-none-eabi/4.9.3/../../../../arm-none-eabi/lib/armv7e-m/fpu\libg.a(lib_a-init.o)
 .data          0x20000004        0x0 c:/ti/ccsv6/tools/compiler/gcc-arm-none-eabi-4_9-2015q3/bin/../lib/gcc/arm-none-eabi/4.9.3/../../../../arm-none-eabi/lib/armv7e-m/fpu\libg.a(lib_a-memset.o)
 .data          0x20000004        0x0 c:/ti/ccsv6/tools/compiler/gcc-arm-none-eabi-4_9-2015q3/bin/../lib/gcc/arm-none-eabi/4.9.3/../../../../arm-none-eabi/lib/armv7e-m/fpu\libg.a(lib_a-__call_atexit.o)
 .data          0x20000004        0x0 c:/ti/ccsv6/tools/compiler/gcc-arm-none-eabi-4_9-2015q3/bin/../lib/gcc/arm-none-eabi/4.9.3/../../../../arm-none-eabi/lib/armv7e-m/fpu\libg.a(lib_a-atexit.o)
 .data          0x20000004        0x0 c:/ti/ccsv6/tools/compiler/gcc-arm-none-eabi-4_9-2015q3/bin/../lib/gcc/arm-none-eabi/4.9.3/../../../../arm-none-eabi/lib/armv7e-m/fpu\libg.a(lib_a-fini.o)
 .data          0x20000004        0x0 c:/ti/ccsv6/tools/compiler/gcc-arm-none-eabi-4_9-2015q3/bin/../lib/gcc/arm-none-eabi/4.9.3/../../../../arm-none-eabi/lib/armv7e-m/fpu\libg.a(lib_a-__atexit.o)
 .data          0x20000004        0x0 c:/ti/ccsv6/tools/compiler/gcc-arm-none-eabi-4_9-2015q3/bin/../lib/gcc/arm-none-eabi/4.9.3/../../../../arm-none-eabi/lib/armv7e-m/fpu\libnosys.a(_exit.o)
 .data          0x20000004        0x0 c:/ti/ccsv6/tools/compiler/gcc-arm-none-eabi-4_9-2015q3/bin/../lib/gcc/arm-none-eabi/4.9.3/armv7e-m/fpu/crtend.o
 .data          0x20000004        0x0 c:/ti/ccsv6/tools/compiler/gcc-arm-none-eabi-4_9-2015q3/bin/../lib/gcc/arm-none-eabi/4.9.3/armv7e-m/fpu/crtn.o
 *(.data*)
 .data.g_pfnVirualOLDVectors
                0x20000004      0x1ac ./NVICInterruptHandler.o
                0x20000004                g_pfnVirualOLDVectors
 .data.g_pfnVirualVectors
                0x200001b0      0x1ac ./NVICInterruptHandler.o
                0x200001b0                g_pfnVirualVectors
 *fill*         0x2000035c        0x4 
 .data.impure_data
                0x20000360      0x428 c:/ti/ccsv6/tools/compiler/gcc-arm-none-eabi-4_9-2015q3/bin/../lib/gcc/arm-none-eabi/4.9.3/../../../../arm-none-eabi/lib/armv7e-m/fpu\libg.a(lib_a-impure.o)
 .data._impure_ptr
                0x20000788        0x4 c:/ti/ccsv6/tools/compiler/gcc-arm-none-eabi-4_9-2015q3/bin/../lib/gcc/arm-none-eabi/4.9.3/../../../../arm-none-eabi/lib/armv7e-m/fpu\libg.a(lib_a-impure.o)
                0x20000788                _impure_ptr
                0x2000078c                . = ALIGN (0x4)
                0x2000078c                __data_end__ = .

.jcr            0x2000078c        0x4 load address 0x00002a8c
 .jcr           0x2000078c        0x0 c:/ti/ccsv6/tools/compiler/gcc-arm-none-eabi-4_9-2015q3/bin/../lib/gcc/arm-none-eabi/4.9.3/armv7e-m/fpu/crtbegin.o
 .jcr           0x2000078c        0x4 c:/ti/ccsv6/tools/compiler/gcc-arm-none-eabi-4_9-2015q3/bin/../lib/gcc/arm-none-eabi/4.9.3/armv7e-m/fpu/crtend.o

.igot.plt       0x20000790        0x0 load address 0x00002a90
 .igot.plt      0x00000000        0x0 c:/ti/ccsv6/tools/compiler/gcc-arm-none-eabi-4_9-2015q3/bin/../lib/gcc/arm-none-eabi/4.9.3/armv7e-m/fpu/crtbegin.o

.ARM.exidx      0x00002a90        0x8
                0x00002a90                __exidx_start = .
 *(.ARM.exidx* .gnu.linkonce.armexidx.*)
 .ARM.exidx     0x00002a90        0x8 c:/ti/ccsv6/tools/compiler/gcc-arm-none-eabi-4_9-2015q3/bin/../lib/gcc/arm-none-eabi/4.9.3/../../../../arm-none-eabi/lib/armv7e-m/fpu/crt0.o
                0x00002a98                __exidx_end = .

.ARM.extab      0x00002a98        0x0
 *(.ARM.extab* .gnu.linkonce.armextab.*)
 .ARM.extab     0x00002a98        0x0 c:/ti/ccsv6/tools/compiler/gcc-arm-none-eabi-4_9-2015q3/bin/../lib/gcc/arm-none-eabi/4.9.3/../../../../arm-none-eabi/lib/armv7e-m/fpu/crt0.o

.rel.dyn        0x00002a98        0x0
 .rel.iplt      0x00000000        0x0 c:/ti/ccsv6/tools/compiler/gcc-arm-none-eabi-4_9-2015q3/bin/../lib/gcc/arm-none-eabi/4.9.3/armv7e-m/fpu/crtbegin.o

.bss            0x20000790      0x228
                0x20000790                __bss_start__ = .
 *(.shbss)
 *(.bss)
 .bss           0x20000790        0x0 c:/ti/ccsv6/tools/compiler/gcc-arm-none-eabi-4_9-2015q3/bin/../lib/gcc/arm-none-eabi/4.9.3/armv7e-m/fpu/crti.o
 .bss           0x20000790       0x1c c:/ti/ccsv6/tools/compiler/gcc-arm-none-eabi-4_9-2015q3/bin/../lib/gcc/arm-none-eabi/4.9.3/armv7e-m/fpu/crtbegin.o
 .bss           0x200007ac        0x0 c:/ti/ccsv6/tools/compiler/gcc-arm-none-eabi-4_9-2015q3/bin/../lib/gcc/arm-none-eabi/4.9.3/../../../../arm-none-eabi/lib/armv7e-m/fpu/crt0.o
 .bss           0x200007ac        0x0 ./NVICInterruptHandler.o
 .bss           0x200007ac        0x0 ./app_gpio.o
 .bss           0x200007ac        0x0 ./gpio.o
 .bss           0x200007ac        0x0 ./gpio_app_test.o
 .bss           0x200007ac        0x0 ./sysctrl.o
 .bss           0x200007ac        0x0 ./tm4c123gh6pm_startup_ccs_gcc.o
 .bss           0x200007ac        0x0 ./uart.o
 .bss           0x200007ac        0x0 c:/ti/ccsv6/tools/compiler/gcc-arm-none-eabi-4_9-2015q3/bin/../lib/gcc/arm-none-eabi/4.9.3/../../../../arm-none-eabi/lib/armv7e-m/fpu\libg.a(lib_a-exit.o)
 .bss           0x200007ac        0x0 c:/ti/ccsv6/tools/compiler/gcc-arm-none-eabi-4_9-2015q3/bin/../lib/gcc/arm-none-eabi/4.9.3/../../../../arm-none-eabi/lib/armv7e-m/fpu\libg.a(lib_a-impure.o)
 .bss           0x200007ac        0x0 c:/ti/ccsv6/tools/compiler/gcc-arm-none-eabi-4_9-2015q3/bin/../lib/gcc/arm-none-eabi/4.9.3/../../../../arm-none-eabi/lib/armv7e-m/fpu\libg.a(lib_a-init.o)
 .bss           0x200007ac        0x0 c:/ti/ccsv6/tools/compiler/gcc-arm-none-eabi-4_9-2015q3/bin/../lib/gcc/arm-none-eabi/4.9.3/../../../../arm-none-eabi/lib/armv7e-m/fpu\libg.a(lib_a-memset.o)
 .bss           0x200007ac        0x0 c:/ti/ccsv6/tools/compiler/gcc-arm-none-eabi-4_9-2015q3/bin/../lib/gcc/arm-none-eabi/4.9.3/../../../../arm-none-eabi/lib/armv7e-m/fpu\libg.a(lib_a-__call_atexit.o)
 .bss           0x200007ac        0x0 c:/ti/ccsv6/tools/compiler/gcc-arm-none-eabi-4_9-2015q3/bin/../lib/gcc/arm-none-eabi/4.9.3/../../../../arm-none-eabi/lib/armv7e-m/fpu\libg.a(lib_a-atexit.o)
 .bss           0x200007ac        0x0 c:/ti/ccsv6/tools/compiler/gcc-arm-none-eabi-4_9-2015q3/bin/../lib/gcc/arm-none-eabi/4.9.3/../../../../arm-none-eabi/lib/armv7e-m/fpu\libg.a(lib_a-fini.o)
 .bss           0x200007ac        0x0 c:/ti/ccsv6/tools/compiler/gcc-arm-none-eabi-4_9-2015q3/bin/../lib/gcc/arm-none-eabi/4.9.3/../../../../arm-none-eabi/lib/armv7e-m/fpu\libg.a(lib_a-__atexit.o)
 .bss           0x200007ac        0x0 c:/ti/ccsv6/tools/compiler/gcc-arm-none-eabi-4_9-2015q3/bin/../lib/gcc/arm-none-eabi/4.9.3/../../../../arm-none-eabi/lib/armv7e-m/fpu\libnosys.a(_exit.o)
 .bss           0x200007ac        0x0 c:/ti/ccsv6/tools/compiler/gcc-arm-none-eabi-4_9-2015q3/bin/../lib/gcc/arm-none-eabi/4.9.3/armv7e-m/fpu/crtend.o
 .bss           0x200007ac        0x0 c:/ti/ccsv6/tools/compiler/gcc-arm-none-eabi-4_9-2015q3/bin/../lib/gcc/arm-none-eabi/4.9.3/armv7e-m/fpu/crtn.o
 *(.bss.*)
 .bss.pui32Stack
                0x200007ac      0x200 ./tm4c123gh6pm_startup_ccs_gcc.o
 *(COMMON)
 COMMON         0x200009ac        0xc ./gpio_app_test.o
                0x200009ac                port
                0x200009b8                . = ALIGN (0x4)
                0x200009b8                __bss_end__ = .

.heap           0x200009b8        0x0
                0x200009b8                __heap_start__ = .
                0x200009b8                end = __heap_start__
                0x200009b8                _end = end
                0x200009b8                __end = end
 *(.heap)
                0x200009b8                __heap_end__ = .
                0x200009b8                __HeapLimit = __heap_end__

.stack          0x200009b8        0x0
                0x200009b8                _stack = .
                0x200009b8                __stack = .
 *(.stack)
START GROUP
LOAD c:/ti/ccsv6/tools/compiler/gcc-arm-none-eabi-4_9-2015q3/bin/../lib/gcc/arm-none-eabi/4.9.3/armv7e-m/fpu\libgcc.a
LOAD c:/ti/ccsv6/tools/compiler/gcc-arm-none-eabi-4_9-2015q3/bin/../lib/gcc/arm-none-eabi/4.9.3/../../../../arm-none-eabi/lib/armv7e-m/fpu\libg.a
LOAD c:/ti/ccsv6/tools/compiler/gcc-arm-none-eabi-4_9-2015q3/bin/../lib/gcc/arm-none-eabi/4.9.3/../../../../arm-none-eabi/lib/armv7e-m/fpu\libc.a
END GROUP
START GROUP
LOAD c:/ti/ccsv6/tools/compiler/gcc-arm-none-eabi-4_9-2015q3/bin/../lib/gcc/arm-none-eabi/4.9.3/armv7e-m/fpu\libgcc.a
LOAD c:/ti/ccsv6/tools/compiler/gcc-arm-none-eabi-4_9-2015q3/bin/../lib/gcc/arm-none-eabi/4.9.3/../../../../arm-none-eabi/lib/armv7e-m/fpu\libc.a
LOAD c:/ti/ccsv6/tools/compiler/gcc-arm-none-eabi-4_9-2015q3/bin/../lib/gcc/arm-none-eabi/4.9.3/../../../../arm-none-eabi/lib/armv7e-m/fpu\libnosys.a
END GROUP
LOAD c:/ti/ccsv6/tools/compiler/gcc-arm-none-eabi-4_9-2015q3/bin/../lib/gcc/arm-none-eabi/4.9.3/armv7e-m/fpu/crtend.o
LOAD c:/ti/ccsv6/tools/compiler/gcc-arm-none-eabi-4_9-2015q3/bin/../lib/gcc/arm-none-eabi/4.9.3/armv7e-m/fpu/crtn.o
OUTPUT(examble.out elf32-littlearm)

.ARM.attributes
                0x00000000       0x30
 .ARM.attributes
                0x00000000       0x22 c:/ti/ccsv6/tools/compiler/gcc-arm-none-eabi-4_9-2015q3/bin/../lib/gcc/arm-none-eabi/4.9.3/armv7e-m/fpu/crti.o
 .ARM.attributes
                0x00000022       0x34 c:/ti/ccsv6/tools/compiler/gcc-arm-none-eabi-4_9-2015q3/bin/../lib/gcc/arm-none-eabi/4.9.3/armv7e-m/fpu/crtbegin.o
 .ARM.attributes
                0x00000056       0x20 c:/ti/ccsv6/tools/compiler/gcc-arm-none-eabi-4_9-2015q3/bin/../lib/gcc/arm-none-eabi/4.9.3/../../../../arm-none-eabi/lib/armv7e-m/fpu/crt0.o
 .ARM.attributes
                0x00000076       0x39 ./NVICInterruptHandler.o
 .ARM.attributes
                0x000000af       0x39 ./app_gpio.o
 .ARM.attributes
                0x000000e8       0x39 ./gpio.o
 .ARM.attributes
                0x00000121       0x39 ./gpio_app_test.o
 .ARM.attributes
                0x0000015a       0x39 ./sysctrl.o
 .ARM.attributes
                0x00000193       0x39 ./tm4c123gh6pm_startup_ccs_gcc.o
 .ARM.attributes
                0x000001cc       0x39 ./uart.o
 .ARM.attributes
                0x00000205       0x34 c:/ti/ccsv6/tools/compiler/gcc-arm-none-eabi-4_9-2015q3/bin/../lib/gcc/arm-none-eabi/4.9.3/../../../../arm-none-eabi/lib/armv7e-m/fpu\libg.a(lib_a-exit.o)
 .ARM.attributes
                0x00000239       0x34 c:/ti/ccsv6/tools/compiler/gcc-arm-none-eabi-4_9-2015q3/bin/../lib/gcc/arm-none-eabi/4.9.3/../../../../arm-none-eabi/lib/armv7e-m/fpu\libg.a(lib_a-impure.o)
 .ARM.attributes
                0x0000026d       0x34 c:/ti/ccsv6/tools/compiler/gcc-arm-none-eabi-4_9-2015q3/bin/../lib/gcc/arm-none-eabi/4.9.3/../../../../arm-none-eabi/lib/armv7e-m/fpu\libg.a(lib_a-init.o)
 .ARM.attributes
                0x000002a1       0x34 c:/ti/ccsv6/tools/compiler/gcc-arm-none-eabi-4_9-2015q3/bin/../lib/gcc/arm-none-eabi/4.9.3/../../../../arm-none-eabi/lib/armv7e-m/fpu\libg.a(lib_a-memset.o)
 .ARM.attributes
                0x000002d5       0x34 c:/ti/ccsv6/tools/compiler/gcc-arm-none-eabi-4_9-2015q3/bin/../lib/gcc/arm-none-eabi/4.9.3/../../../../arm-none-eabi/lib/armv7e-m/fpu\libg.a(lib_a-__call_atexit.o)
 .ARM.attributes
                0x00000309       0x34 c:/ti/ccsv6/tools/compiler/gcc-arm-none-eabi-4_9-2015q3/bin/../lib/gcc/arm-none-eabi/4.9.3/../../../../arm-none-eabi/lib/armv7e-m/fpu\libg.a(lib_a-atexit.o)
 .ARM.attributes
                0x0000033d       0x34 c:/ti/ccsv6/tools/compiler/gcc-arm-none-eabi-4_9-2015q3/bin/../lib/gcc/arm-none-eabi/4.9.3/../../../../arm-none-eabi/lib/armv7e-m/fpu\libg.a(lib_a-fini.o)
 .ARM.attributes
                0x00000371       0x34 c:/ti/ccsv6/tools/compiler/gcc-arm-none-eabi-4_9-2015q3/bin/../lib/gcc/arm-none-eabi/4.9.3/../../../../arm-none-eabi/lib/armv7e-m/fpu\libg.a(lib_a-__atexit.o)
 .ARM.attributes
                0x000003a5       0x34 c:/ti/ccsv6/tools/compiler/gcc-arm-none-eabi-4_9-2015q3/bin/../lib/gcc/arm-none-eabi/4.9.3/../../../../arm-none-eabi/lib/armv7e-m/fpu\libnosys.a(_exit.o)
 .ARM.attributes
                0x000003d9       0x34 c:/ti/ccsv6/tools/compiler/gcc-arm-none-eabi-4_9-2015q3/bin/../lib/gcc/arm-none-eabi/4.9.3/armv7e-m/fpu/crtend.o
 .ARM.attributes
                0x0000040d       0x22 c:/ti/ccsv6/tools/compiler/gcc-arm-none-eabi-4_9-2015q3/bin/../lib/gcc/arm-none-eabi/4.9.3/armv7e-m/fpu/crtn.o

.comment        0x00000000       0x70
 .comment       0x00000000       0x70 ./NVICInterruptHandler.o
                                 0x71 (size before relaxing)
 .comment       0x00000000       0x71 ./app_gpio.o
 .comment       0x00000000       0x71 ./gpio.o
 .comment       0x00000000       0x71 ./gpio_app_test.o
 .comment       0x00000000       0x71 ./sysctrl.o
 .comment       0x00000000       0x71 ./tm4c123gh6pm_startup_ccs_gcc.o
 .comment       0x00000000       0x71 ./uart.o

.debug_info     0x00000000     0x1f14
 .debug_info    0x00000000      0x422 ./NVICInterruptHandler.o
 .debug_info    0x00000422      0x3ce ./app_gpio.o
 .debug_info    0x000007f0      0xb5f ./gpio.o
 .debug_info    0x0000134f      0x495 ./gpio_app_test.o
 .debug_info    0x000017e4      0x43d ./sysctrl.o
 .debug_info    0x00001c21      0x175 ./tm4c123gh6pm_startup_ccs_gcc.o
 .debug_info    0x00001d96      0x17e ./uart.o

.debug_abbrev   0x00000000      0x617
 .debug_abbrev  0x00000000       0xce ./NVICInterruptHandler.o
 .debug_abbrev  0x000000ce       0xd3 ./app_gpio.o
 .debug_abbrev  0x000001a1      0x136 ./gpio.o
 .debug_abbrev  0x000002d7       0xef ./gpio_app_test.o
 .debug_abbrev  0x000003c6       0xca ./sysctrl.o
 .debug_abbrev  0x00000490       0xca ./tm4c123gh6pm_startup_ccs_gcc.o
 .debug_abbrev  0x0000055a       0xbd ./uart.o

.debug_aranges  0x00000000      0x298
 .debug_aranges
                0x00000000       0x60 ./NVICInterruptHandler.o
 .debug_aranges
                0x00000060       0x58 ./app_gpio.o
 .debug_aranges
                0x000000b8      0x118 ./gpio.o
 .debug_aranges
                0x000001d0       0x28 ./gpio_app_test.o
 .debug_aranges
                0x000001f8       0x30 ./sysctrl.o
 .debug_aranges
                0x00000228       0x38 ./tm4c123gh6pm_startup_ccs_gcc.o
 .debug_aranges
                0x00000260       0x38 ./uart.o

.debug_ranges   0x00000000      0x228
 .debug_ranges  0x00000000       0x50 ./NVICInterruptHandler.o
 .debug_ranges  0x00000050       0x48 ./app_gpio.o
 .debug_ranges  0x00000098      0x108 ./gpio.o
 .debug_ranges  0x000001a0       0x18 ./gpio_app_test.o
 .debug_ranges  0x000001b8       0x20 ./sysctrl.o
 .debug_ranges  0x000001d8       0x28 ./tm4c123gh6pm_startup_ccs_gcc.o
 .debug_ranges  0x00000200       0x28 ./uart.o

.debug_line     0x00000000      0xc19
 .debug_line    0x00000000      0x127 ./NVICInterruptHandler.o
 .debug_line    0x00000127      0x187 ./app_gpio.o
 .debug_line    0x000002ae      0x544 ./gpio.o
 .debug_line    0x000007f2       0xc2 ./gpio_app_test.o
 .debug_line    0x000008b4       0xfc ./sysctrl.o
 .debug_line    0x000009b0      0x158 ./tm4c123gh6pm_startup_ccs_gcc.o
 .debug_line    0x00000b08      0x111 ./uart.o

.debug_str      0x00000000      0xd97
 .debug_str     0x00000000      0x66a ./NVICInterruptHandler.o
                                0x74f (size before relaxing)
 .debug_str     0x0000066a      0x22d ./app_gpio.o
                                0x338 (size before relaxing)
 .debug_str     0x00000897      0x2b5 ./gpio.o
                                0x4f3 (size before relaxing)
 .debug_str     0x00000b4c       0x4f ./gpio_app_test.o
                                0x7d5 (size before relaxing)
 .debug_str     0x00000b9b       0xb1 ./sysctrl.o
                                0x73a (size before relaxing)
 .debug_str     0x00000c4c       0xdb ./tm4c123gh6pm_startup_ccs_gcc.o
                                0x24a (size before relaxing)
 .debug_str     0x00000d27       0x70 ./uart.o
                                0x1a9 (size before relaxing)

.debug_frame    0x00000000      0xa9c
 .debug_frame   0x00000000      0x128 ./NVICInterruptHandler.o
 .debug_frame   0x00000128      0x130 ./app_gpio.o
 .debug_frame   0x00000258      0x4d8 ./gpio.o
 .debug_frame   0x00000730       0x4c ./gpio_app_test.o
 .debug_frame   0x0000077c       0x80 ./sysctrl.o
 .debug_frame   0x000007fc       0x7c ./tm4c123gh6pm_startup_ccs_gcc.o
 .debug_frame   0x00000878       0xa4 ./uart.o
 .debug_frame   0x0000091c       0x28 c:/ti/ccsv6/tools/compiler/gcc-arm-none-eabi-4_9-2015q3/bin/../lib/gcc/arm-none-eabi/4.9.3/../../../../arm-none-eabi/lib/armv7e-m/fpu\libg.a(lib_a-exit.o)
 .debug_frame   0x00000944       0x2c c:/ti/ccsv6/tools/compiler/gcc-arm-none-eabi-4_9-2015q3/bin/../lib/gcc/arm-none-eabi/4.9.3/../../../../arm-none-eabi/lib/armv7e-m/fpu\libg.a(lib_a-init.o)
 .debug_frame   0x00000970       0x34 c:/ti/ccsv6/tools/compiler/gcc-arm-none-eabi-4_9-2015q3/bin/../lib/gcc/arm-none-eabi/4.9.3/../../../../arm-none-eabi/lib/armv7e-m/fpu\libg.a(lib_a-memset.o)
 .debug_frame   0x000009a4       0x50 c:/ti/ccsv6/tools/compiler/gcc-arm-none-eabi-4_9-2015q3/bin/../lib/gcc/arm-none-eabi/4.9.3/../../../../arm-none-eabi/lib/armv7e-m/fpu\libg.a(lib_a-__call_atexit.o)
 .debug_frame   0x000009f4       0x20 c:/ti/ccsv6/tools/compiler/gcc-arm-none-eabi-4_9-2015q3/bin/../lib/gcc/arm-none-eabi/4.9.3/../../../../arm-none-eabi/lib/armv7e-m/fpu\libg.a(lib_a-atexit.o)
 .debug_frame   0x00000a14       0x34 c:/ti/ccsv6/tools/compiler/gcc-arm-none-eabi-4_9-2015q3/bin/../lib/gcc/arm-none-eabi/4.9.3/../../../../arm-none-eabi/lib/armv7e-m/fpu\libg.a(lib_a-fini.o)
 .debug_frame   0x00000a48       0x34 c:/ti/ccsv6/tools/compiler/gcc-arm-none-eabi-4_9-2015q3/bin/../lib/gcc/arm-none-eabi/4.9.3/../../../../arm-none-eabi/lib/armv7e-m/fpu\libg.a(lib_a-__atexit.o)
 .debug_frame   0x00000a7c       0x20 c:/ti/ccsv6/tools/compiler/gcc-arm-none-eabi-4_9-2015q3/bin/../lib/gcc/arm-none-eabi/4.9.3/../../../../arm-none-eabi/lib/armv7e-m/fpu\libnosys.a(_exit.o)
